============================= test session starts ==============================
platform linux -- Python 3.12.1, pytest-9.0.2, pluggy-1.6.0
rootdir: /workspaces/Allentown-L104-Node
plugins: anyio-4.12.1, asyncio-1.3.0
asyncio: mode=Mode.STRICT, debug=False, asyncio_default_fixture_loop_scope=None, asyncio_default_test_loop_scope=function
collected 327 items

tests/test_adaptive_learning.py .............................            [  8%]
tests/test_agi_cognition.py ....                                         [ 10%]
tests/test_api_key_fallback.py ....                                      [ 11%]
tests/test_codebase_knowledge.py ....................................... [ 23%]
.                                                                        [ 23%]
tests/test_datasets.py F.